{"success":true}
{"rc":0,"rc_str":"OK","rc_str_hr":"Success","rsp":[{"count":1,"date":"1614332935","entity":"flow","entity_val":"","msg":"HTTP Numeric IP Host  [Flow: <A class='btn btn-sm btn-info' HREF='/lua/flow_details.lua?flow_key=1824054532&flow_hash_id=0'><i class='fas fa-search-plus'></i></A> <a href='/lua/host_details.lua?host=172.16.0.1' data-toggle='tooltip' title=''>172.16.0.1 <abbr title=\"Local\"><span class=\"badge badge-success\">L</span></abbr></a>:<A HREF=\"/lua/flows_stats.lua?port=52098\">52098</A> [ <A HREF=\"/lua/hosts_stats.lua?mac=00:C1:B1:14:EB:31\">00:C1:B1:14:EB:31</A> ]&nbsp; <i class=\"fas fa-exchange-alt fa-lg\"  aria-hidden=\"true\"></i> &nbsp;<a href='/lua/host_details.lua?host=192.168.10.50' data-toggle='tooltip' title=''>205.174.165.68 <abbr title=\"Remote\"><span class=\"badge badge-secondary\">R</span></abbr></a>:<A HREF=\"/lua/flows_stats.lua?port=80\">80</A> [ <A HREF=\"/lua/hosts_stats.lua?mac=00:19:B9:0A:69:F1\">00:19:B9:0A:69:F1</A> ]] <a href=\"/lua/admin/edit_configset.lua?confset_id=0&subdir=flow&user_script=flow_risks#all\"><i class=\"fas fa-cog\" title=\"Edit Configuration\"></i></a>","score":50,"severity":"warning","type":"alert_ndpi_http_numeric_ip_host"},{"count":1,"date":"1614332935","entity":"flow","entity_val":"","msg":"HTTP Numeric IP Host  [Flow: <A class='btn btn-sm btn-info' HREF='/lua/flow_details.lua?flow_key=1824080644&flow_hash_id=4'><i class='fas fa-search-plus'></i></A> <a href='/lua/host_details.lua?host=172.16.0.1' data-toggle='tooltip' title=''>172.16.0.1 <abbr title=\"Local\"><span class=\"badge badge-success\">L</span></abbr></a>:<A HREF=\"/lua/flows_stats.lua?port=52200\">52200</A> [ <A HREF=\"/lua/hosts_stats.lua?mac=00:C1:B1:14:EB:31\">00:C1:B1:14:EB:31</A> ]&nbsp; <i class=\"fas fa-exchange-alt fa-lg\"  aria-hidden=\"true\"></i> &nbsp;<a href='/lua/host_details.lua?host=192.168.10.50' data-toggle='tooltip' title=''>205.174.165.68 <abbr title=\"Remote\"><span class=\"badge badge-secondary\">R</span></abbr></a>:<A HREF=\"/lua/flows_stats.lua?port=80\">80</A> [ <A HREF=\"/lua/hosts_stats.lua?mac=00:19:B9:0A:69:F1\">00:19:B9:0A:69:F1</A> ]] <a href=\"/lua/admin/edit_configset.lua?confset_id=0&subdir=flow&user_script=flow_risks#all\"><i class=\"fas fa-cog\" title=\"Edit Configuration\"></i></a>","score":50,"severity":"warning","type":"alert_ndpi_http_numeric_ip_host"},{"count":1,"date":"1614332935","entity":"flow","entity_val":"","msg":"HTTP Numeric IP Host  [Flow: <A class='btn btn-sm btn-info' HREF='/lua/flow_details.lua?flow_key=1824040197&flow_hash_id=8'><i class='fas fa-search-plus'></i></A> <a href='/lua/host_details.lua?host=172.16.0.1' data-toggle='tooltip' title=''>172.16.0.1 <abbr title=\"Local\"><span class=\"badge badge-success\">L</span></abbr></a>:<A HREF=\"/lua/flows_stats.lua?port=52298\">52298</A> [ <A HREF=\"/lua/hosts_stats.lua?mac=00:C1:B1:14:EB:31\">00:C1:B1:14:EB:31</A> ]&nbsp; <i class=\"fas fa-exchange-alt fa-lg\"  aria-hidden=\"true\"></i> &nbsp;<a href='/lua/host_details.lua?host=192.168.10.50' data-toggle='tooltip' title=''>205.174.165.68 <abbr title=\"Remote\"><span class=\"badge badge-secondary\">R</span></abbr></a>:<A HREF=\"/lua/flows_stats.lua?port=80\">80</A> [ <A HREF=\"/lua/hosts_stats.lua?mac=00:19:B9:0A:69:F1\">00:19:B9:0A:69:F1</A> ]] <a href=\"/lua/admin/edit_configset.lua?confset_id=0&subdir=flow&user_script=flow_risks#all\"><i class=\"fas fa-cog\" title=\"Edit Configuration\"></i></a>","score":50,"severity":"warning","type":"alert_ndpi_http_numeric_ip_host"}]}
