{"success":true}
{"rc":0,"rc_str":"OK","rc_str_hr":"Success","rsp":[{"count":1,"date":"1614335025","entity":"flow","entity_val":"","msg":"TLS (probably) not carrying HTTPS  [Flow: <A class='btn btn-sm btn-info' HREF='/lua/flow_details.lua?flow_key=362652409&flow_hash_id=0'><i class='fas fa-search-plus'></i></A> <a href='/lua/host_details.lua?host=10.206.131.18@258' data-toggle='tooltip' title=''>10.206.131.18@258 <abbr title=\"Remote\"><span class=\"badge badge-secondary\">R</span></abbr></a>:<A HREF=\"/lua/flows_stats.lua?port=58657\">58657</A> [ <A HREF=\"/lua/hosts_stats.lua?mac=B0:AA:77:B5:48:40\">B0:AA:77:B5:48:40</A> ]&nbsp; <i class=\"fas fa-exchange-alt fa-lg\"  aria-hidden=\"true\"></i> &nbsp;<a href='/lua/host_details.lua?host=10.206.65.249@258' data-toggle='tooltip' title=''>10.206.65.249@258 <abbr title=\"Remote\"><span class=\"badge badge-secondary\">R</span></abbr></a>:<A HREF=\"/lua/flows_stats.lua?port=443\">443</A> [ <A HREF=\"/lua/hosts_stats.lua?mac=00:00:00:00:00:01\">00:00:00:00:00:01</A> ]] <a href=\"/lua/admin/edit_configset.lua?confset_id=0&subdir=flow&user_script=flow_risks#all\"><i class=\"fas fa-cog\" title=\"Edit Configuration\"></i></a>","score":110,"severity":"warning","type":"alert_ndpi_tls_not_carrying_https"}]}
