{"success":true}
{"rc":0,"rc_str":"OK","rc_str_hr":"Success","rsp":[{"count":1,"date":"1613757810","entity":"flow","entity_val":"","msg":"Invalid DNS query  [Flow: <A class='btn btn-sm btn-info' HREF='/lua/flow_details.lua?flow_key=3383892960&flow_hash_id=0'><i class='fas fa-search-plus'></i></A> <a href='/lua/host_details.lua?host=192.168.2.222' data-toggle='tooltip' title=''>192.168.2.222 <abbr title=\"Remote\"><span class=\"badge badge-secondary\">R</span></abbr></a>:<A HREF=\"/lua/flows_stats.lua?port=59610\">59610</A> [ <A HREF=\"/lua/hosts_stats.lua?mac=00:25:90:D4:CC:F9\">00:25:90:D4:CC:F9</A> ]&nbsp; <i class=\"fas fa-exchange-alt fa-lg\"  aria-hidden=\"true\"></i> &nbsp;<a href='/lua/host_details.lua?host=9.9.9.9' data-toggle='tooltip' title=''>9.9.9.9 <abbr title=\"Remote\"><span class=\"badge badge-secondary\">R</span></abbr></a>:<A HREF=\"/lua/flows_stats.lua?port=53\">53</A> [ <A HREF=\"/lua/hosts_stats.lua?mac=04:18:D6:06:B3:5A\">04:18:D6:06:B3:5A</A> ]] <a href=\"/lua/admin/edit_configset.lua?confset_id=0&subdir=flow&user_script=invalid_dns_query#all\"><i class=\"fas fa-cog\" title=\"Edit Configuration\"></i></a>","score":110,"severity":"error","type":"alert_dns_invalid_query"}]}
