{"success":true}
{"rc":0,"rc_str":"OK","rc_str_hr":"Success","rsp":[{"count":1,"date":"1613758319","entity":"flow","entity_val":"","msg":"Suspicious TCP SYN probing  [Flow: <A class='btn btn-sm btn-info' HREF='/lua/flow_details.lua?flow_key=1362426220&flow_hash_id=2'><i class='fas fa-search-plus'></i></A> <a href='/lua/host_details.lua?host=192.168.7.7' data-toggle='tooltip' title=''>192.168.7.7 <abbr title=\"Local\"><span class=\"badge badge-success\">L</span></abbr></a>:<A HREF=\"/lua/flows_stats.lua?port=33706\">33706</A> [ <A HREF=\"/lua/hosts_stats.lua?mac=30:52:CB:6C:9C:1B\">30:52:CB:6C:9C:1B</A> ]&nbsp; <i class=\"fas fa-exchange-alt fa-lg\"  aria-hidden=\"true\"></i> &nbsp;<a href='/lua/host_details.lua?host=144.139.247.220' data-toggle='tooltip' title=''>144.139.247.220 <abbr title=\"Remote\"><span class=\"badge badge-secondary\">R</span></abbr></a>:<A HREF=\"/lua/flows_stats.lua?port=80\">80</A> [ <A HREF=\"/lua/hosts_stats.lua?mac=08:6A:0A:3A:5E:1E\">08:6A:0A:3A:5E:1E</A> ]] <a href=\"/lua/admin/edit_configset.lua?confset_id=0&subdir=flow&user_script=tcp_probing#all\"><i class=\"fas fa-cog\" title=\"Edit Configuration\"></i></a>","score":60,"severity":"info","type":"alert_suspicious_tcp_syn_probing"}]}
