{"success":true}
{"rc":0,"rc_str":"OK","rc_str_hr":"Success","rsp":[{"count":1,"date":"1614332352","entity":"flow","entity_val":"","msg":"Suspicious DGA domain name  [Flow: <A class='btn btn-sm btn-info' HREF='/lua/flow_details.lua?flow_key=3299533052&flow_hash_id=0'><i class='fas fa-search-plus'></i></A> <a href='/lua/host_details.lua?host=192.168.43.91' data-toggle='tooltip' title=''>192.168.43.91 <abbr title=\"Remote\"><span class=\"badge badge-secondary\">R</span></abbr></a>:<A HREF=\"/lua/flows_stats.lua?port=35966\">35966</A> [ <A HREF=\"/lua/hosts_stats.lua?mac=E4:B3:18:4B:F0:C3\">E4:B3:18:4B:F0:C3</A> ]&nbsp; <i class=\"fas fa-exchange-alt fa-lg\"  aria-hidden=\"true\"></i> &nbsp;<a href='/lua/host_details.lua?host=4.2.2.4' data-toggle='tooltip' title=''>4.2.2.4 <abbr title=\"Remote\"><span class=\"badge badge-secondary\">R</span></abbr></a>:<A HREF=\"/lua/flows_stats.lua?port=53\">53</A> [ <A HREF=\"/lua/hosts_stats.lua?mac=02:1A:11:F9:FE:2A\">02:1A:11:F9:FE:2A</A> ]] <a href=\"/lua/admin/edit_configset.lua?confset_id=0&subdir=flow&user_script=flow_risks#all\"><i class=\"fas fa-cog\" title=\"Edit Configuration\"></i></a>","score":60,"severity":"warning","type":"alert_ndpi_suspicious_dga_domain"},{"count":1,"date":"1614332352","entity":"flow","entity_val":"","msg":"Suspicious DGA domain name  [Flow: <A class='btn btn-sm btn-info' HREF='/lua/flow_details.lua?flow_key=3299509580&flow_hash_id=1'><i class='fas fa-search-plus'></i></A> <a href='/lua/host_details.lua?host=192.168.43.91' data-toggle='tooltip' title=''>192.168.43.91 <abbr title=\"Remote\"><span class=\"badge badge-secondary\">R</span></abbr></a>:<A HREF=\"/lua/flows_stats.lua?port=56354\">56354</A> [ <A HREF=\"/lua/hosts_stats.lua?mac=E4:B3:18:4B:F0:C3\">E4:B3:18:4B:F0:C3</A> ]&nbsp; <i class=\"fas fa-exchange-alt fa-lg\"  aria-hidden=\"true\"></i> &nbsp;<a href='/lua/host_details.lua?host=4.2.2.4' data-toggle='tooltip' title=''>4.2.2.4 <abbr title=\"Remote\"><span class=\"badge badge-secondary\">R</span></abbr></a>:<A HREF=\"/lua/flows_stats.lua?port=53\">53</A> [ <A HREF=\"/lua/hosts_stats.lua?mac=02:1A:11:F9:FE:2A\">02:1A:11:F9:FE:2A</A> ]] <a href=\"/lua/admin/edit_configset.lua?confset_id=0&subdir=flow&user_script=flow_risks#all\"><i class=\"fas fa-cog\" title=\"Edit Configuration\"></i></a>","score":60,"severity":"warning","type":"alert_ndpi_suspicious_dga_domain"},{"count":1,"date":"1614332352","entity":"flow","entity_val":"","msg":"DNS Data Exfiltration  [Flow: <A class='btn btn-sm btn-info' HREF='/lua/flow_details.lua?flow_key=3299509580&flow_hash_id=1'><i class='fas fa-search-plus'></i></A> <a href='/lua/host_details.lua?host=192.168.43.91' data-toggle='tooltip' title=''>192.168.43.91 <abbr title=\"Remote\"><span class=\"badge badge-secondary\">R</span></abbr></a>:<A HREF=\"/lua/flows_stats.lua?port=56354\">56354</A> [ <A HREF=\"/lua/hosts_stats.lua?mac=E4:B3:18:4B:F0:C3\">E4:B3:18:4B:F0:C3</A> ]&nbsp; <i class=\"fas fa-exchange-alt fa-lg\"  aria-hidden=\"true\"></i> &nbsp;<a href='/lua/host_details.lua?host=4.2.2.4' data-toggle='tooltip' title=''>4.2.2.4 <abbr title=\"Remote\"><span class=\"badge badge-secondary\">R</span></abbr></a>:<A HREF=\"/lua/flows_stats.lua?port=53\">53</A> [ <A HREF=\"/lua/hosts_stats.lua?mac=02:1A:11:F9:FE:2A\">02:1A:11:F9:FE:2A</A> ]] <a href=\"/lua/admin/edit_configset.lua?confset_id=0&subdir=flow&user_script=dns_data_exfiltration#all\"><i class=\"fas fa-cog\" title=\"Edit Configuration\"></i></a>","score":600,"severity":"error","type":"alert_dns_data_exfiltration"},{"count":1,"date":"1614332352","entity":"flow","entity_val":"","msg":"Suspicious DGA domain name  [Flow: <A class='btn btn-sm btn-info' HREF='/lua/flow_details.lua?flow_key=3299529767&flow_hash_id=2'><i class='fas fa-search-plus'></i></A> <a href='/lua/host_details.lua?host=192.168.43.91' data-toggle='tooltip' title=''>192.168.43.91 <abbr title=\"Remote\"><span class=\"badge badge-secondary\">R</span></abbr></a>:<A HREF=\"/lua/flows_stats.lua?port=46961\">46961</A> [ <A HREF=\"/lua/hosts_stats.lua?mac=E4:B3:18:4B:F0:C3\">E4:B3:18:4B:F0:C3</A> ]&nbsp; <i class=\"fas fa-exchange-alt fa-lg\"  aria-hidden=\"true\"></i> &nbsp;<a href='/lua/host_details.lua?host=4.2.2.4' data-toggle='tooltip' title=''>4.2.2.4 <abbr title=\"Remote\"><span class=\"badge badge-secondary\">R</span></abbr></a>:<A HREF=\"/lua/flows_stats.lua?port=53\">53</A> [ <A HREF=\"/lua/hosts_stats.lua?mac=02:1A:11:F9:FE:2A\">02:1A:11:F9:FE:2A</A> ]] <a href=\"/lua/admin/edit_configset.lua?confset_id=0&subdir=flow&user_script=flow_risks#all\"><i class=\"fas fa-cog\" title=\"Edit Configuration\"></i></a>","score":60,"severity":"warning","type":"alert_ndpi_suspicious_dga_domain"}]}
