{"success":true}
{"rc":0,"rc_str":"OK","rc_str_hr":"Success","rsp":[{"count":1,"date":"1613758457","entity":"flow","entity_val":"","msg":" [Flow: <A class='btn btn-sm btn-info' HREF='/lua/flow_details.lua?flow_key=2102295093&flow_hash_id=0'><i class='fas fa-search-plus'></i></A> <a href='/lua/host_details.lua?host=192.168.1.142' data-toggle='tooltip' title=''>192.168.1.142 <abbr title=\"Remote\"><span class=\"badge badge-secondary\">R</span></abbr></a>:<A HREF=\"/lua/flows_stats.lua?port=55317\">55317</A> [ <A HREF=\"/lua/hosts_stats.lua?mac=00:23:6C:86:8B:E1\">00:23:6C:86:8B:E1</A> ]&nbsp; <i class=\"fas fa-exchange-alt fa-lg\"  aria-hidden=\"true\"></i> &nbsp;<a href='/lua/host_details.lua?host=188.165.213.169' data-toggle='tooltip' title=''>188.165.213.169 <abbr title=\"Remote\"><span class=\"badge badge-secondary\">R</span></abbr></a>:<A HREF=\"/lua/flows_stats.lua?port=8333\">8333</A> [ <A HREF=\"/lua/hosts_stats.lua?mac=00:23:EB:22:94:B4\">00:23:EB:22:94:B4</A> ]] <a href=\"/lua/admin/edit_configset.lua?confset_id=0&subdir=flow&user_script=web_mining#all\"><i class=\"fas fa-cog\" title=\"Edit Configuration\"></i></a>","score":60,"severity":"error","type":"alert_web_mining"},{"count":1,"date":"1613758457","entity":"flow","entity_val":"","msg":" [Flow: <A class='btn btn-sm btn-info' HREF='/lua/flow_details.lua?flow_key=102688262&flow_hash_id=1'><i class='fas fa-search-plus'></i></A> <a href='/lua/host_details.lua?host=192.168.1.142' data-toggle='tooltip' title=''>192.168.1.142 <abbr title=\"Remote\"><span class=\"badge badge-secondary\">R</span></abbr></a>:<A HREF=\"/lua/flows_stats.lua?port=55328\">55328</A> [ <A HREF=\"/lua/hosts_stats.lua?mac=00:23:6C:86:8B:E1\">00:23:6C:86:8B:E1</A> ]&nbsp; <i class=\"fas fa-exchange-alt fa-lg\"  aria-hidden=\"true\"></i> &nbsp;<a href='/lua/host_details.lua?host=69.118.54.122' data-toggle='tooltip' title=''>69.118.54.122 <abbr title=\"Remote\"><span class=\"badge badge-secondary\">R</span></abbr></a>:<A HREF=\"/lua/flows_stats.lua?port=8333\">8333</A> [ <A HREF=\"/lua/hosts_stats.lua?mac=00:23:EB:22:94:B4\">00:23:EB:22:94:B4</A> ]] <a href=\"/lua/admin/edit_configset.lua?confset_id=0&subdir=flow&user_script=web_mining#all\"><i class=\"fas fa-cog\" title=\"Edit Configuration\"></i></a>","score":60,"severity":"error","type":"alert_web_mining"},{"count":1,"date":"1613758457","entity":"flow","entity_val":"","msg":" [Flow: <A class='btn btn-sm btn-info' HREF='/lua/flow_details.lua?flow_key=184711537&flow_hash_id=2'><i class='fas fa-search-plus'></i></A> <a href='/lua/host_details.lua?host=192.168.1.142' data-toggle='tooltip' title=''>192.168.1.142 <abbr title=\"Remote\"><span class=\"badge badge-secondary\">R</span></abbr></a>:<A HREF=\"/lua/flows_stats.lua?port=55348\">55348</A> [ <A HREF=\"/lua/hosts_stats.lua?mac=00:23:6C:86:8B:E1\">00:23:6C:86:8B:E1</A> ]&nbsp; <i class=\"fas fa-exchange-alt fa-lg\"  aria-hidden=\"true\"></i> &nbsp;<a href='/lua/host_details.lua?host=74.89.181.229' data-toggle='tooltip' title=''>74.89.181.229 <abbr title=\"Remote\"><span class=\"badge badge-secondary\">R</span></abbr></a>:<A HREF=\"/lua/flows_stats.lua?port=8333\">8333</A> [ <A HREF=\"/lua/hosts_stats.lua?mac=00:23:EB:22:94:B4\">00:23:EB:22:94:B4</A> ]] <a href=\"/lua/admin/edit_configset.lua?confset_id=0&subdir=flow&user_script=web_mining#all\"><i class=\"fas fa-cog\" title=\"Edit Configuration\"></i></a>","score":60,"severity":"error","type":"alert_web_mining"},{"count":1,"date":"1613758457","entity":"flow","entity_val":"","msg":" [Flow: <A class='btn btn-sm btn-info' HREF='/lua/flow_details.lua?flow_key=49101218&flow_hash_id=3'><i class='fas fa-search-plus'></i></A> <a href='/lua/host_details.lua?host=192.168.1.142' data-toggle='tooltip' title=''>192.168.1.142 <abbr title=\"Remote\"><span class=\"badge badge-secondary\">R</span></abbr></a>:<A HREF=\"/lua/flows_stats.lua?port=55383\">55383</A> [ <A HREF=\"/lua/hosts_stats.lua?mac=00:23:6C:86:8B:E1\">00:23:6C:86:8B:E1</A> ]&nbsp; <i class=\"fas fa-exchange-alt fa-lg\"  aria-hidden=\"true\"></i> &nbsp;<a href='/lua/host_details.lua?host=66.68.83.22' data-toggle='tooltip' title=''>66.68.83.22 <abbr title=\"Remote\"><span class=\"badge badge-secondary\">R</span></abbr></a>:<A HREF=\"/lua/flows_stats.lua?port=8333\">8333</A> [ <A HREF=\"/lua/hosts_stats.lua?mac=00:23:EB:22:94:B4\">00:23:EB:22:94:B4</A> ]] <a href=\"/lua/admin/edit_configset.lua?confset_id=0&subdir=flow&user_script=web_mining#all\"><i class=\"fas fa-cog\" title=\"Edit Configuration\"></i></a>","score":60,"severity":"error","type":"alert_web_mining"},{"count":1,"date":"1613758457","entity":"flow","entity_val":"","msg":" [Flow: <A class='btn btn-sm btn-info' HREF='/lua/flow_details.lua?flow_key=2223179838&flow_hash_id=4'><i class='fas fa-search-plus'></i></A> <a href='/lua/host_details.lua?host=192.168.1.142' data-toggle='tooltip' title=''>192.168.1.142 <abbr title=\"Remote\"><span class=\"badge badge-secondary\">R</span></abbr></a>:<A HREF=\"/lua/flows_stats.lua?port=55400\">55400</A> [ <A HREF=\"/lua/hosts_stats.lua?mac=00:23:6C:86:8B:E1\">00:23:6C:86:8B:E1</A> ]&nbsp; <i class=\"fas fa-exchange-alt fa-lg\"  aria-hidden=\"true\"></i> &nbsp;<a href='/lua/host_details.lua?host=195.218.16.178' data-toggle='tooltip' title=''>195.218.16.178 <abbr title=\"Remote\"><span class=\"badge badge-secondary\">R</span></abbr></a>:<A HREF=\"/lua/flows_stats.lua?port=8333\">8333</A> [ <A HREF=\"/lua/hosts_stats.lua?mac=00:23:EB:22:94:B4\">00:23:EB:22:94:B4</A> ]] <a href=\"/lua/admin/edit_configset.lua?confset_id=0&subdir=flow&user_script=web_mining#all\"><i class=\"fas fa-cog\" title=\"Edit Configuration\"></i></a>","score":60,"severity":"error","type":"alert_web_mining"},{"count":1,"date":"1613758457","entity":"flow","entity_val":"","msg":" [Flow: <A class='btn btn-sm btn-info' HREF='/lua/flow_details.lua?flow_key=2028205059&flow_hash_id=5'><i class='fas fa-search-plus'></i></A> <a href='/lua/host_details.lua?host=192.168.1.142' data-toggle='tooltip' title=''>192.168.1.142 <abbr title=\"Remote\"><span class=\"badge badge-secondary\">R</span></abbr></a>:<A HREF=\"/lua/flows_stats.lua?port=55487\">55487</A> [ <A HREF=\"/lua/hosts_stats.lua?mac=00:23:6C:86:8B:E1\">00:23:6C:86:8B:E1</A> ]&nbsp; <i class=\"fas fa-exchange-alt fa-lg\"  aria-hidden=\"true\"></i> &nbsp;<a href='/lua/host_details.lua?host=184.58.165.119' data-toggle='tooltip' title=''>184.58.165.119 <abbr title=\"Remote\"><span class=\"badge badge-secondary\">R</span></abbr></a>:<A HREF=\"/lua/flows_stats.lua?port=8333\">8333</A> [ <A HREF=\"/lua/hosts_stats.lua?mac=00:23:EB:22:94:B4\">00:23:EB:22:94:B4</A> ]] <a href=\"/lua/admin/edit_configset.lua?confset_id=0&subdir=flow&user_script=web_mining#all\"><i class=\"fas fa-cog\" title=\"Edit Configuration\"></i></a>","score":60,"severity":"error","type":"alert_web_mining"}]}
