{"success":true}
{"rc":0,"rc_str":"OK","rc_str_hr":"Success","rsp":[{"count":1,"date":"1614332893","entity":"flow","entity_val":"","msg":"TLS Certificate Expired [03/10/2013 01:00:00 - 19/11/2013 00:59:59]  [Flow: <A class='btn btn-sm btn-info' HREF='/lua/flow_details.lua?flow_key=473481660&flow_hash_id=0'><i class='fas fa-search-plus'></i></A> <a href='/lua/host_details.lua?host=192.168.1.252' data-toggle='tooltip' title=''>192.168.1.252 <abbr title=\"Remote\"><span class=\"badge badge-secondary\">R</span></abbr></a>:<A HREF=\"/lua/flows_stats.lua?port=51110\">51110</A> [ <A HREF=\"/lua/hosts_stats.lua?mac=52:54:00:5A:E9:77\">52:54:00:5A:E9:77</A> ]&nbsp; <i class=\"fas fa-exchange-alt fa-lg\"  aria-hidden=\"true\"></i> &nbsp;<a href='/lua/host_details.lua?host=91.143.93.242' data-toggle='tooltip' title=''>91.143.93.242 <abbr title=\"Remote\"><span class=\"badge badge-secondary\">R</span></abbr></a>:<A HREF=\"/lua/flows_stats.lua?port=443\">443</A> [ <A HREF=\"/lua/hosts_stats.lua?mac=52:54:00:D8:46:21\">52:54:00:D8:46:21</A> ]] <a href=\"/lua/admin/edit_configset.lua?confset_id=0&subdir=flow&user_script=tls_certificate_expired#all\"><i class=\"fas fa-cog\" title=\"Edit Configuration\"></i></a>","score":90,"severity":"error","type":"alert_tls_certificate_expired"},{"count":1,"date":"1614332893","entity":"flow","entity_val":"","msg":"TLS Certificate Expired [07/06/2013 01:00:00 - 07/02/2014 01:00:00]  [Flow: <A class='btn btn-sm btn-info' HREF='/lua/flow_details.lua?flow_key=4007958761&flow_hash_id=1'><i class='fas fa-search-plus'></i></A> <a href='/lua/host_details.lua?host=192.168.1.252' data-toggle='tooltip' title=''>192.168.1.252 <abbr title=\"Remote\"><span class=\"badge badge-secondary\">R</span></abbr></a>:<A HREF=\"/lua/flows_stats.lua?port=51111\">51111</A> [ <A HREF=\"/lua/hosts_stats.lua?mac=52:54:00:5A:E9:77\">52:54:00:5A:E9:77</A> ]&nbsp; <i class=\"fas fa-exchange-alt fa-lg\"  aria-hidden=\"true\"></i> &nbsp;<a href='/lua/host_details.lua?host=46.59.52.31' data-toggle='tooltip' title=''>46.59.52.31 <abbr title=\"Remote\"><span class=\"badge badge-secondary\">R</span></abbr></a>:<A HREF=\"/lua/flows_stats.lua?port=443\">443</A> [ <A HREF=\"/lua/hosts_stats.lua?mac=52:54:00:D8:46:21\">52:54:00:D8:46:21</A> ]] <a href=\"/lua/admin/edit_configset.lua?confset_id=0&subdir=flow&user_script=tls_certificate_expired#all\"><i class=\"fas fa-cog\" title=\"Edit Configuration\"></i></a>","score":140,"severity":"error","type":"alert_tls_certificate_expired"},{"count":1,"date":"1614332893","entity":"flow","entity_val":"","msg":"TLS Certificate Expired [15/09/2013 01:00:00 - 22/02/2014 00:59:59]  [Flow: <A class='btn btn-sm btn-info' HREF='/lua/flow_details.lua?flow_key=3884887039&flow_hash_id=2'><i class='fas fa-search-plus'></i></A> <a href='/lua/host_details.lua?host=192.168.1.252' data-toggle='tooltip' title=''>192.168.1.252 <abbr title=\"Remote\"><span class=\"badge badge-secondary\">R</span></abbr></a>:<A HREF=\"/lua/flows_stats.lua?port=51112\">51112</A> [ <A HREF=\"/lua/hosts_stats.lua?mac=52:54:00:5A:E9:77\">52:54:00:5A:E9:77</A> ]&nbsp; <i class=\"fas fa-exchange-alt fa-lg\"  aria-hidden=\"true\"></i> &nbsp;<a href='/lua/host_details.lua?host=38.229.70.53' data-toggle='tooltip' title=''>38.229.70.53 <abbr title=\"Remote\"><span class=\"badge badge-secondary\">R</span></abbr></a>:<A HREF=\"/lua/flows_stats.lua?port=443\">443</A> [ <A HREF=\"/lua/hosts_stats.lua?mac=52:54:00:D8:46:21\">52:54:00:D8:46:21</A> ]] <a href=\"/lua/admin/edit_configset.lua?confset_id=0&subdir=flow&user_script=tls_certificate_expired#all\"><i class=\"fas fa-cog\" title=\"Edit Configuration\"></i></a>","score":140,"severity":"error","type":"alert_tls_certificate_expired"},{"count":1,"date":"1614332893","entity":"flow","entity_val":"","msg":"Remote to Remote  [Flow: <A class='btn btn-sm btn-info' HREF='/lua/flow_details.lua?flow_key=2169551769&flow_hash_id=3'><i class='fas fa-search-plus'></i></A> <a href='/lua/host_details.lua?host=192.168.1.1' data-toggle='tooltip' title=''>192.168.1.1 <abbr title=\"Remote\"><span class=\"badge badge-secondary\">R</span></abbr></a>:<A HREF=\"/lua/flows_stats.lua?port=17500\">17500</A> [ <A HREF=\"/lua/hosts_stats.lua?mac=52:54:00:C2:AC:1F\">52:54:00:C2:AC:1F</A> ]&nbsp; <i class=\"fas fa-exchange-alt fa-lg\"  aria-hidden=\"true\"></i> &nbsp;<a href='/lua/host_details.lua?host=192.168.1.255' data-toggle='tooltip' title=''>192.168.1.255 <abbr title=\"Remote\"><span class=\"badge badge-secondary\">R</span></abbr></a>:<A HREF=\"/lua/flows_stats.lua?port=17500\">17500</A> [ <A HREF=\"/lua/hosts_stats.lua?mac=FF:FF:FF:FF:FF:FF\">FF:FF:FF:FF:FF:FF</A> ]] <a href=\"/lua/admin/edit_configset.lua?confset_id=0&subdir=flow&user_script=remote_to_remote#all\"><i class=\"fas fa-cog\" title=\"Edit Configuration\"></i></a>","score":15,"severity":"notice","type":"alert_remote_to_remote"},{"count":1,"date":"1614332893","entity":"flow","entity_val":"","msg":"Unsafe Protocol  [Flow: <A class='btn btn-sm btn-info' HREF='/lua/flow_details.lua?flow_key=2169575436&flow_hash_id=4'><i class='fas fa-search-plus'></i></A> <a href='/lua/host_details.lua?host=192.168.1.252' data-toggle='tooltip' title=''>192.168.1.252 <abbr title=\"Remote\"><span class=\"badge badge-secondary\">R</span></abbr></a>:<A HREF=\"/lua/flows_stats.lua?port=138\">138</A> [ <A HREF=\"/lua/hosts_stats.lua?mac=52:54:00:5A:E9:77\">52:54:00:5A:E9:77</A> ]&nbsp; <i class=\"fas fa-exchange-alt fa-lg\"  aria-hidden=\"true\"></i> &nbsp;<a href='/lua/host_details.lua?host=192.168.1.255' data-toggle='tooltip' title=''>endian-pc <abbr title=\"Remote\"><span class=\"badge badge-secondary\">R</span></abbr></a>:<A HREF=\"/lua/flows_stats.lua?port=138\">138</A> [ <A HREF=\"/lua/hosts_stats.lua?mac=FF:FF:FF:FF:FF:FF\">FF:FF:FF:FF:FF:FF</A> ]] <a href=\"/lua/admin/edit_configset.lua?confset_id=0&subdir=flow&user_script=flow_risks#all\"><i class=\"fas fa-cog\" title=\"Edit Configuration\"></i></a>","score":65,"severity":"warning","type":"alert_ndpi_unsafe_protocol"},{"count":1,"date":"1614332893","entity":"flow","entity_val":"","msg":"Suspicious TCP Probing  [Flow: <A class='btn btn-sm btn-info' HREF='/lua/flow_details.lua?flow_key=1575058424&flow_hash_id=5'><i class='fas fa-search-plus'></i></A> <a href='/lua/host_details.lua?host=192.168.1.252' data-toggle='tooltip' title=''>192.168.1.252 <abbr title=\"Remote\"><span class=\"badge badge-secondary\">R</span></abbr></a>:<A HREF=\"/lua/flows_stats.lua?port=51104\">51104</A> [ <A HREF=\"/lua/hosts_stats.lua?mac=52:54:00:5A:E9:77\">52:54:00:5A:E9:77</A> ]&nbsp; <i class=\"fas fa-exchange-alt fa-lg\"  aria-hidden=\"true\"></i> &nbsp;<a href='/lua/host_details.lua?host=157.56.30.46' data-toggle='tooltip' title=''>157.56.30.46 <abbr title=\"Remote\"><span class=\"badge badge-secondary\">R</span></abbr></a>:<A HREF=\"/lua/flows_stats.lua?port=443\">443</A> [ <A HREF=\"/lua/hosts_stats.lua?mac=52:54:00:D8:46:21\">52:54:00:D8:46:21</A> ]] <a href=\"/lua/admin/edit_configset.lua?confset_id=0&subdir=flow&user_script=tcp_probing#all\"><i class=\"fas fa-cog\" title=\"Edit Configuration\"></i></a>","score":40,"severity":"info","type":"alert_suspicious_tcp_probing"},{"count":1,"date":"1614332893","entity":"flow","entity_val":"","msg":"Obsolete TLS Protocol Version (TLSv1)  [Flow: <A class='btn btn-sm btn-info' HREF='/lua/flow_details.lua?flow_key=473498300&flow_hash_id=7'><i class='fas fa-search-plus'></i></A> <a href='/lua/host_details.lua?host=192.168.1.252' data-toggle='tooltip' title=''>192.168.1.252 <abbr title=\"Remote\"><span class=\"badge badge-secondary\">R</span></abbr></a>:<A HREF=\"/lua/flows_stats.lua?port=51175\">51175</A> [ <A HREF=\"/lua/hosts_stats.lua?mac=52:54:00:5A:E9:77\">52:54:00:5A:E9:77</A> ]&nbsp; <i class=\"fas fa-exchange-alt fa-lg\"  aria-hidden=\"true\"></i> &nbsp;<a href='/lua/host_details.lua?host=91.143.93.242' data-toggle='tooltip' title=''>91.143.93.242 <abbr title=\"Remote\"><span class=\"badge badge-secondary\">R</span></abbr></a>:<A HREF=\"/lua/flows_stats.lua?port=443\">443</A> [ <A HREF=\"/lua/hosts_stats.lua?mac=52:54:00:D8:46:21\">52:54:00:D8:46:21</A> ]] <a href=\"/lua/admin/edit_configset.lua?confset_id=0&subdir=flow&user_script=tls_old_protocol_version#all\"><i class=\"fas fa-cog\" title=\"Edit Configuration\"></i></a>","score":40,"severity":"error","type":"alert_tls_old_protocol_version"},{"count":1,"date":"1614332893","entity":"flow","entity_val":"","msg":"Obsolete TLS Protocol Version (TLSv1)  [Flow: <A class='btn btn-sm btn-info' HREF='/lua/flow_details.lua?flow_key=2499624900&flow_hash_id=6'><i class='fas fa-search-plus'></i></A> <a href='/lua/host_details.lua?host=192.168.1.252' data-toggle='tooltip' title=''>192.168.1.252 <abbr title=\"Remote\"><span class=\"badge badge-secondary\">R</span></abbr></a>:<A HREF=\"/lua/flows_stats.lua?port=51174\">51174</A> [ <A HREF=\"/lua/hosts_stats.lua?mac=52:54:00:5A:E9:77\">52:54:00:5A:E9:77</A> ]&nbsp; <i class=\"fas fa-exchange-alt fa-lg\"  aria-hidden=\"true\"></i> &nbsp;<a href='/lua/host_details.lua?host=212.83.155.250' data-toggle='tooltip' title=''>212.83.155.250 <abbr title=\"Remote\"><span class=\"badge badge-secondary\">R</span></abbr></a>:<A HREF=\"/lua/flows_stats.lua?port=443\">443</A> [ <A HREF=\"/lua/hosts_stats.lua?mac=52:54:00:D8:46:21\">52:54:00:D8:46:21</A> ]] <a href=\"/lua/admin/edit_configset.lua?confset_id=0&subdir=flow&user_script=tls_old_protocol_version#all\"><i class=\"fas fa-cog\" title=\"Edit Configuration\"></i></a>","score":40,"severity":"error","type":"alert_tls_old_protocol_version"},{"count":1,"date":"1614332893","entity":"flow","entity_val":"","msg":"Remote to Remote  [Flow: <A class='btn btn-sm btn-info' HREF='/lua/flow_details.lua?flow_key=3884903423&flow_hash_id=8'><i class='fas fa-search-plus'></i></A> <a href='/lua/host_details.lua?host=192.168.1.252' data-toggle='tooltip' title=''>192.168.1.252 <abbr title=\"Remote\"><span class=\"badge badge-secondary\">R</span></abbr></a>:<A HREF=\"/lua/flows_stats.lua?port=51176\">51176</A> [ <A HREF=\"/lua/hosts_stats.lua?mac=52:54:00:5A:E9:77\">52:54:00:5A:E9:77</A> ]&nbsp; <i class=\"fas fa-exchange-alt fa-lg\"  aria-hidden=\"true\"></i> &nbsp;<a href='/lua/host_details.lua?host=38.229.70.53' data-toggle='tooltip' title=''>38.229.70.53 <abbr title=\"Remote\"><span class=\"badge badge-secondary\">R</span></abbr></a>:<A HREF=\"/lua/flows_stats.lua?port=443\">443</A> [ <A HREF=\"/lua/hosts_stats.lua?mac=52:54:00:D8:46:21\">52:54:00:D8:46:21</A> ]] <a href=\"/lua/admin/edit_configset.lua?confset_id=0&subdir=flow&user_script=remote_to_remote#all\"><i class=\"fas fa-cog\" title=\"Edit Configuration\"></i></a>","score":10,"severity":"notice","type":"alert_remote_to_remote"},{"count":1,"date":"1614332893","entity":"flow","entity_val":"","msg":"Obsolete TLS Protocol Version (TLSv1)  [Flow: <A class='btn btn-sm btn-info' HREF='/lua/flow_details.lua?flow_key=4286331056&flow_hash_id=9'><i class='fas fa-search-plus'></i></A> <a href='/lua/host_details.lua?host=192.168.1.252' data-toggle='tooltip' title=''>192.168.1.252 <abbr title=\"Remote\"><span class=\"badge badge-secondary\">R</span></abbr></a>:<A HREF=\"/lua/flows_stats.lua?port=51185\">51185</A> [ <A HREF=\"/lua/hosts_stats.lua?mac=52:54:00:5A:E9:77\">52:54:00:5A:E9:77</A> ]&nbsp; <i class=\"fas fa-exchange-alt fa-lg\"  aria-hidden=\"true\"></i> &nbsp;<a href='/lua/host_details.lua?host=62.210.137.230' data-toggle='tooltip' title=''>62.210.137.230 <abbr title=\"Remote\"><span class=\"badge badge-secondary\">R</span></abbr></a>:<A HREF=\"/lua/flows_stats.lua?port=443\">443</A> [ <A HREF=\"/lua/hosts_stats.lua?mac=52:54:00:D8:46:21\">52:54:00:D8:46:21</A> ]] <a href=\"/lua/admin/edit_configset.lua?confset_id=0&subdir=flow&user_script=tls_old_protocol_version#all\"><i class=\"fas fa-cog\" title=\"Edit Configuration\"></i></a>","score":40,"severity":"error","type":"alert_tls_old_protocol_version"}]}
