{"success":true}
{"rc":0,"rc_str":"OK","rc_str_hr":"Success","rsp":[{"count":1,"date":"1613758268","entity":"flow","entity_val":"","msg":"Suspicious TCP Probing  [Flow: <A class='btn btn-sm btn-info' HREF='/lua/flow_details.lua?flow_key=954689121&flow_hash_id=4'><i class='fas fa-search-plus'></i></A> <a href='/lua/host_details.lua?host=192.168.1.3' data-toggle='tooltip' title=''>192.168.1.3 <abbr title=\"Local\"><span class=\"badge badge-success\">L</span></abbr></a>:<A HREF=\"/lua/flows_stats.lua?port=52894\">52894</A> [ <A HREF=\"/lua/hosts_stats.lua?mac=C4:2C:03:06:49:FE\">C4:2C:03:06:49:FE</A> ]&nbsp; <i class=\"fas fa-exchange-alt fa-lg\"  aria-hidden=\"true\"></i> &nbsp;<a href='/lua/host_details.lua?host=120.62.33.241' data-toggle='tooltip' title=''>120.62.33.241 <abbr title=\"Remote\"><span class=\"badge badge-secondary\">R</span></abbr></a>:<A HREF=\"/lua/flows_stats.lua?port=39332\">39332</A> [ <A HREF=\"/lua/hosts_stats.lua?mac=2C:56:DC:8C:35:34\">2C:56:DC:8C:35:34</A> ]] <a href=\"/lua/admin/edit_configset.lua?confset_id=0&subdir=flow&user_script=tcp_probing#all\"><i class=\"fas fa-cog\" title=\"Edit Configuration\"></i></a>","score":30,"severity":"info","type":"alert_suspicious_tcp_probing"},{"count":1,"date":"1613758268","entity":"flow","entity_val":"","msg":"Suspicious TCP Probing  [Flow: <A class='btn btn-sm btn-info' HREF='/lua/flow_details.lua?flow_key=266363164&flow_hash_id=6'><i class='fas fa-search-plus'></i></A> <a href='/lua/host_details.lua?host=192.168.1.3' data-toggle='tooltip' title=''>192.168.1.3 <abbr title=\"Local\"><span class=\"badge badge-success\">L</span></abbr></a>:<A HREF=\"/lua/flows_stats.lua?port=52893\">52893</A> [ <A HREF=\"/lua/hosts_stats.lua?mac=C4:2C:03:06:49:FE\">C4:2C:03:06:49:FE</A> ]&nbsp; <i class=\"fas fa-exchange-alt fa-lg\"  aria-hidden=\"true\"></i> &nbsp;<a href='/lua/host_details.lua?host=79.55.129.22' data-toggle='tooltip' title=''>79.55.129.22 <abbr title=\"Remote\"><span class=\"badge badge-secondary\">R</span></abbr></a>:<A HREF=\"/lua/flows_stats.lua?port=12097\">12097</A> [ <A HREF=\"/lua/hosts_stats.lua?mac=2C:56:DC:8C:35:34\">2C:56:DC:8C:35:34</A> ]] <a href=\"/lua/admin/edit_configset.lua?confset_id=0&subdir=flow&user_script=tcp_probing#all\"><i class=\"fas fa-cog\" title=\"Edit Configuration\"></i></a>","score":30,"severity":"info","type":"alert_suspicious_tcp_probing"},{"count":1,"date":"1613758268","entity":"flow","entity_val":"","msg":"Suspicious TCP Probing  [Flow: <A class='btn btn-sm btn-info' HREF='/lua/flow_details.lua?flow_key=266253842&flow_hash_id=13'><i class='fas fa-search-plus'></i></A> <a href='/lua/host_details.lua?host=192.168.1.3' data-toggle='tooltip' title=''>192.168.1.3 <abbr title=\"Local\"><span class=\"badge badge-success\">L</span></abbr></a>:<A HREF=\"/lua/flows_stats.lua?port=52909\">52909</A> [ <A HREF=\"/lua/hosts_stats.lua?mac=C4:2C:03:06:49:FE\">C4:2C:03:06:49:FE</A> ]&nbsp; <i class=\"fas fa-exchange-alt fa-lg\"  aria-hidden=\"true\"></i> &nbsp;<a href='/lua/host_details.lua?host=79.53.228.2' data-toggle='tooltip' title=''>79.53.228.2 <abbr title=\"Remote\"><span class=\"badge badge-secondary\">R</span></abbr></a>:<A HREF=\"/lua/flows_stats.lua?port=14627\">14627</A> [ <A HREF=\"/lua/hosts_stats.lua?mac=2C:56:DC:8C:35:34\">2C:56:DC:8C:35:34</A> ]] <a href=\"/lua/admin/edit_configset.lua?confset_id=0&subdir=flow&user_script=tcp_probing#all\"><i class=\"fas fa-cog\" title=\"Edit Configuration\"></i></a>","score":30,"severity":"info","type":"alert_suspicious_tcp_probing"},{"count":1,"date":"1613758268","entity":"flow","entity_val":"","msg":"Suspicious TCP Probing  [Flow: <A class='btn btn-sm btn-info' HREF='/lua/flow_details.lua?flow_key=266367004&flow_hash_id=15'><i class='fas fa-search-plus'></i></A> <a href='/lua/host_details.lua?host=192.168.1.3' data-toggle='tooltip' title=''>192.168.1.3 <abbr title=\"Local\"><span class=\"badge badge-success\">L</span></abbr></a>:<A HREF=\"/lua/flows_stats.lua?port=52908\">52908</A> [ <A HREF=\"/lua/hosts_stats.lua?mac=C4:2C:03:06:49:FE\">C4:2C:03:06:49:FE</A> ]&nbsp; <i class=\"fas fa-exchange-alt fa-lg\"  aria-hidden=\"true\"></i> &nbsp;<a href='/lua/host_details.lua?host=79.55.129.22' data-toggle='tooltip' title=''>79.55.129.22 <abbr title=\"Remote\"><span class=\"badge badge-secondary\">R</span></abbr></a>:<A HREF=\"/lua/flows_stats.lua?port=12097\">12097</A> [ <A HREF=\"/lua/hosts_stats.lua?mac=2C:56:DC:8C:35:34\">2C:56:DC:8C:35:34</A> ]] <a href=\"/lua/admin/edit_configset.lua?confset_id=0&subdir=flow&user_script=tcp_probing#all\"><i class=\"fas fa-cog\" title=\"Edit Configuration\"></i></a>","score":30,"severity":"info","type":"alert_suspicious_tcp_probing"},{"count":1,"date":"1613758268","entity":"flow","entity_val":"","msg":"Suspicious TCP Probing  [Flow: <A class='btn btn-sm btn-info' HREF='/lua/flow_details.lua?flow_key=954693217&flow_hash_id=14'><i class='fas fa-search-plus'></i></A> <a href='/lua/host_details.lua?host=192.168.1.3' data-toggle='tooltip' title=''>192.168.1.3 <abbr title=\"Local\"><span class=\"badge badge-success\">L</span></abbr></a>:<A HREF=\"/lua/flows_stats.lua?port=52910\">52910</A> [ <A HREF=\"/lua/hosts_stats.lua?mac=C4:2C:03:06:49:FE\">C4:2C:03:06:49:FE</A> ]&nbsp; <i class=\"fas fa-exchange-alt fa-lg\"  aria-hidden=\"true\"></i> &nbsp;<a href='/lua/host_details.lua?host=120.62.33.241' data-toggle='tooltip' title=''>120.62.33.241 <abbr title=\"Remote\"><span class=\"badge badge-secondary\">R</span></abbr></a>:<A HREF=\"/lua/flows_stats.lua?port=39332\">39332</A> [ <A HREF=\"/lua/hosts_stats.lua?mac=2C:56:DC:8C:35:34\">2C:56:DC:8C:35:34</A> ]] <a href=\"/lua/admin/edit_configset.lua?confset_id=0&subdir=flow&user_script=tcp_probing#all\"><i class=\"fas fa-cog\" title=\"Edit Configuration\"></i></a>","score":30,"severity":"info","type":"alert_suspicious_tcp_probing"},{"count":1,"date":"1613758268","entity":"flow","entity_val":"","msg":"Suspicious TCP Probing  [Flow: <A class='btn btn-sm btn-info' HREF='/lua/flow_details.lua?flow_key=501960325&flow_hash_id=23'><i class='fas fa-search-plus'></i></A> <a href='/lua/host_details.lua?host=192.168.1.3' data-toggle='tooltip' title=''>192.168.1.3 <abbr title=\"Local\"><span class=\"badge badge-success\">L</span></abbr></a>:<A HREF=\"/lua/flows_stats.lua?port=52925\">52925</A> [ <A HREF=\"/lua/hosts_stats.lua?mac=C4:2C:03:06:49:FE\">C4:2C:03:06:49:FE</A> ]&nbsp; <i class=\"fas fa-exchange-alt fa-lg\"  aria-hidden=\"true\"></i> &nbsp;<a href='/lua/host_details.lua?host=93.65.227.100' data-toggle='tooltip' title=''>93.65.227.100 <abbr title=\"Remote\"><span class=\"badge badge-secondary\">R</span></abbr></a>:<A HREF=\"/lua/flows_stats.lua?port=19116\">19116</A> [ <A HREF=\"/lua/hosts_stats.lua?mac=2C:56:DC:8C:35:34\">2C:56:DC:8C:35:34</A> ]] <a href=\"/lua/admin/edit_configset.lua?confset_id=0&subdir=flow&user_script=tcp_probing#all\"><i class=\"fas fa-cog\" title=\"Edit Configuration\"></i></a>","score":30,"severity":"info","type":"alert_suspicious_tcp_probing"}]}
