{"success":true}
{"rc":0,"rc_str":"OK","rc_str_hr":"Success","rsp":[{"count":1,"date":"1613758420","entity":"flow","entity_val":"","msg":"TLS Certificate Self-signed [Issuer/Subject: C=IT, ST=Some-State, O=ntop.org]  [Flow: <A class='btn btn-sm btn-info' HREF='/lua/flow_details.lua?flow_key=4261499100&flow_hash_id=0'><i class='fas fa-search-plus'></i></A> <a href='/lua/host_details.lua?host=127.0.0.1' data-toggle='tooltip' title=''>localhost <abbr title=\"Local\"><span class=\"badge badge-success\">L</span></abbr></a>:<A HREF=\"/lua/flows_stats.lua?port=51607\">51607</A>&nbsp; <i class=\"fas fa-exchange-alt fa-lg\"  aria-hidden=\"true\"></i> &nbsp;<a href='/lua/host_details.lua?host=127.0.0.1' data-toggle='tooltip' title=''>localhost <abbr title=\"Local\"><span class=\"badge badge-success\">L</span></abbr></a>:<A HREF=\"/lua/flows_stats.lua?port=3001\">3001</A>] <a href=\"/lua/admin/edit_configset.lua?confset_id=0&subdir=flow&user_script=tls_certificate_selfsigned#all\"><i class=\"fas fa-cog\" title=\"Edit Configuration\"></i></a>","score":130,"severity":"error","type":"alert_tls_certificate_selfsigned"}]}
