{"success":true}
{"rc":0,"rc_str":"OK","rc_str_hr":"Success","rsp":[{"count":1,"date":"1613758376","entity":"flow","entity_val":"","msg":"TLS Certificate Expired [07/03/2019 01:00:00 - 05/05/2020 13:00:00]  [Flow: <A class='btn btn-sm btn-info' HREF='/lua/flow_details.lua?flow_key=689480653&flow_hash_id=0'><i class='fas fa-search-plus'></i></A> <a href='/lua/host_details.lua?host=192.168.2.126' data-toggle='tooltip' title=''>192.168.2.126 <abbr title=\"Remote\"><span class=\"badge badge-secondary\">R</span></abbr></a>:<A HREF=\"/lua/flows_stats.lua?port=60174\">60174</A> [ <A HREF=\"/lua/hosts_stats.lua?mac=78:31:C1:BD:5E:24\">78:31:C1:BD:5E:24</A> ]&nbsp; <i class=\"fas fa-exchange-alt fa-lg\"  aria-hidden=\"true\"></i> &nbsp;<a href='/lua/host_details.lua?host=104.111.215.93' data-toggle='tooltip' title=''>104.111.215.93 <abbr title=\"Remote\"><span class=\"badge badge-secondary\">R</span></abbr></a>:<A HREF=\"/lua/flows_stats.lua?port=443\">443</A> [ <A HREF=\"/lua/hosts_stats.lua?mac=04:18:D6:31:EF:5A\">04:18:D6:31:EF:5A</A> ]] <a href=\"/lua/admin/edit_configset.lua?confset_id=0&subdir=flow&user_script=tls_certificate_expired#all\"><i class=\"fas fa-cog\" title=\"Edit Configuration\"></i></a>","score":60,"severity":"error","type":"alert_tls_certificate_expired"}]}
