{"rc":0,"rc_str":"OK","rc_str_hr":"Success","rsp":{"0":{"config":{"flow":{"blacklisted":{"all":{"enabled":true,"script_conf":{"severity":{"emoji":"❗","i18n_title":"alerts_dashboard.error","icon":"fas fa-exclamation-triangle text-danger","label":"badge-danger","severity_id":5,"syslog_severity":3}}}},"country_check":{"all":{"enabled":false,"script_conf":{"items":[],"severity":{"emoji":"❗","i18n_title":"alerts_dashboard.error","icon":"fas fa-exclamation-triangle text-danger","label":"badge-danger","severity_id":5,"syslog_severity":3}}}},"data_exfiltration":{"all":{"enabled":true,"script_conf":{"severity":{"emoji":"❗","i18n_title":"alerts_dashboard.error","icon":"fas fa-exclamation-triangle text-danger","label":"badge-danger","severity_id":5,"syslog_severity":3}}}},"device_protocol_not_allowed":{"all":{"enabled":true,"script_conf":{"severity":{"emoji":"❗","i18n_title":"alerts_dashboard.error","icon":"fas fa-exclamation-triangle text-danger","label":"badge-danger","severity_id":5,"syslog_severity":3}}}},"dns_data_exfiltration":{"all":{"enabled":true,"script_conf":{"severity":{"emoji":"❗","i18n_title":"alerts_dashboard.error","icon":"fas fa-exclamation-triangle text-danger","label":"badge-danger","severity_id":5,"syslog_severity":3}}}},"elephant_flows":{"all":{"enabled":true,"script_conf":{"l2r_bytes_value":1073741824,"r2l_bytes_value":1073741824,"severity":{"emoji":"❗","i18n_title":"alerts_dashboard.error","icon":"fas fa-exclamation-triangle text-danger","label":"badge-danger","severity_id":5,"syslog_severity":3}}}},"external_alert_check":{"all":{"enabled":true,"script_conf":[]}},"flow_logger":{"all":{"enabled":false,"script_conf":{"log_file":"/tmp/flows_log","log_mode":"console"}}},"flow_risks":{"all":{"enabled":true,"script_conf":[]}},"iec60870_5_104":{"all":{"enabled":true,"script_conf":{"items":[9,13,36,45,46,48,30,103,100,37],"severity":{"emoji":"⚠","i18n_title":"alerts_dashboard.warning","icon":"fas fa-exclamation-triangle text-warning","label":"badge-warning","severity_id":4,"syslog_severity":4}}}},"invalid_dns_query":{"all":{"enabled":true,"script_conf":{"severity":{"emoji":"❗","i18n_title":"alerts_dashboard.error","icon":"fas fa-exclamation-triangle text-danger","label":"badge-danger","severity_id":5,"syslog_severity":3}}}},"long_lived":{"all":{"enabled":true,"script_conf":{"min_duration":43200,"severity":{"emoji":"❗","i18n_title":"alerts_dashboard.error","icon":"fas fa-exclamation-triangle text-danger","label":"badge-danger","severity_id":5,"syslog_severity":3}}}},"low_goodput":{"all":{"enabled":true,"script_conf":{"severity":{"emoji":"ℹ","i18n_title":"alerts_dashboard.notice","icon":"fas fa-hand-paper text-primary","label":"badge-info","severity_id":3,"syslog_severity":5}}}},"nedge_blocked":{"all":{"enabled":true,"script_conf":{"severity":{"emoji":"ℹ","i18n_title":"alerts_dashboard.info","icon":"fas fa-info-circle text-info","label":"badge-info","severity_id":2,"syslog_severity":6}}}},"new_flow_api_demo":{"all":{"enabled":true,"script_conf":[]}},"not_purged":{"all":{"enabled":true,"script_conf":{"severity":{"emoji":"❗","i18n_title":"alerts_dashboard.error","icon":"fas fa-exclamation-triangle text-danger","label":"badge-danger","severity_id":5,"syslog_severity":3}}}},"potentially_dangerous":{"all":{"enabled":true,"script_conf":{"severity":{"emoji":"❗","i18n_title":"alerts_dashboard.error","icon":"fas fa-exclamation-triangle text-danger","label":"badge-danger","severity_id":5,"syslog_severity":3}}}},"remote_to_local_insecure_proto":{"all":{"enabled":true,"script_conf":{"severity":{"emoji":"⚠","i18n_title":"alerts_dashboard.warning","icon":"fas fa-exclamation-triangle text-warning","label":"badge-warning","severity_id":4,"syslog_severity":4}}}},"remote_to_remote":{"all":{"enabled":true,"script_conf":{"severity":{"emoji":"ℹ","i18n_title":"alerts_dashboard.notice","icon":"fas fa-hand-paper text-primary","label":"badge-info","severity_id":3,"syslog_severity":5}}}},"tcp_issues_generic":{"all":{"enabled":true,"script_conf":{"severity":{"emoji":"⚠","i18n_title":"alerts_dashboard.warning","icon":"fas fa-exclamation-triangle text-warning","label":"badge-warning","severity_id":4,"syslog_severity":4}}}},"tcp_probing":{"all":{"enabled":true,"script_conf":{"severity":{"emoji":"ℹ","i18n_title":"alerts_dashboard.info","icon":"fas fa-info-circle text-info","label":"badge-info","severity_id":2,"syslog_severity":6}}}},"tls_certificate_expired":{"all":{"enabled":true,"script_conf":{"severity":{"emoji":"❗","i18n_title":"alerts_dashboard.error","icon":"fas fa-exclamation-triangle text-danger","label":"badge-danger","severity_id":5,"syslog_severity":3}}}},"tls_certificate_mismatch":{"all":{"enabled":true,"script_conf":{"severity":{"emoji":"❗","i18n_title":"alerts_dashboard.error","icon":"fas fa-exclamation-triangle text-danger","label":"badge-danger","severity_id":5,"syslog_severity":3}}}},"tls_certificate_selfsigned":{"all":{"enabled":true,"script_conf":{"severity":{"emoji":"❗","i18n_title":"alerts_dashboard.error","icon":"fas fa-exclamation-triangle text-danger","label":"badge-danger","severity_id":5,"syslog_severity":3}}}},"tls_malicious_signature":{"all":{"enabled":true,"script_conf":{"severity":{"emoji":"❗","i18n_title":"alerts_dashboard.error","icon":"fas fa-exclamation-triangle text-danger","label":"badge-danger","severity_id":5,"syslog_severity":3}}}},"tls_old_protocol_version":{"all":{"enabled":true,"script_conf":{"severity":{"emoji":"❗","i18n_title":"alerts_dashboard.error","icon":"fas fa-exclamation-triangle text-danger","label":"badge-danger","severity_id":5,"syslog_severity":3}}}},"tls_unsafe_ciphers":{"all":{"enabled":true,"script_conf":{"severity":{"emoji":"❗","i18n_title":"alerts_dashboard.error","icon":"fas fa-exclamation-triangle text-danger","label":"badge-danger","severity_id":5,"syslog_severity":3}}}},"udp_unidirectional":{"all":{"enabled":true,"script_conf":{"severity":{"emoji":"ℹ","i18n_title":"alerts_dashboard.notice","icon":"fas fa-hand-paper text-primary","label":"badge-info","severity_id":3,"syslog_severity":5}}}},"unexpected_dhcp":{"all":{"enabled":false,"script_conf":{"items":[],"severity":{"emoji":"❗","i18n_title":"alerts_dashboard.error","icon":"fas fa-exclamation-triangle text-danger","label":"badge-danger","severity_id":5,"syslog_severity":3}}}},"unexpected_dns":{"all":{"enabled":false,"script_conf":{"items":[],"severity":{"emoji":"❗","i18n_title":"alerts_dashboard.error","icon":"fas fa-exclamation-triangle text-danger","label":"badge-danger","severity_id":5,"syslog_severity":3}}}},"unexpected_ntp":{"all":{"enabled":false,"script_conf":{"items":[],"severity":{"emoji":"❗","i18n_title":"alerts_dashboard.error","icon":"fas fa-exclamation-triangle text-danger","label":"badge-danger","severity_id":5,"syslog_severity":3}}}},"unexpected_smtp":{"all":{"enabled":false,"script_conf":{"items":[],"severity":{"emoji":"❗","i18n_title":"alerts_dashboard.error","icon":"fas fa-exclamation-triangle text-danger","label":"badge-danger","severity_id":5,"syslog_severity":3}}}},"web_mining":{"all":{"enabled":true,"script_conf":{"items":[],"severity":{"emoji":"❗","i18n_title":"alerts_dashboard.error","icon":"fas fa-exclamation-triangle text-danger","label":"badge-danger","severity_id":5,"syslog_severity":3}}}},"zero_tcp_window":{"all":{"enabled":true,"script_conf":{"severity":{"emoji":"⚠","i18n_title":"alerts_dashboard.warning","icon":"fas fa-exclamation-triangle text-warning","label":"badge-warning","severity_id":4,"syslog_severity":4}}}}},"host":{"active":{"5mins":{"enabled":false,"script_conf":{"severity":{"emoji":"❗","i18n_title":"alerts_dashboard.error","icon":"fas fa-exclamation-triangle text-danger","label":"badge-danger","severity_id":5,"syslog_severity":3}}},"day":{"enabled":false,"script_conf":{"severity":{"emoji":"❗","i18n_title":"alerts_dashboard.error","icon":"fas fa-exclamation-triangle text-danger","label":"badge-danger","severity_id":5,"syslog_severity":3}}},"hour":{"enabled":false,"script_conf":{"severity":{"emoji":"❗","i18n_title":"alerts_dashboard.error","icon":"fas fa-exclamation-triangle text-danger","label":"badge-danger","severity_id":5,"syslog_severity":3}}},"min":{"enabled":false,"script_conf":{"severity":{"emoji":"❗","i18n_title":"alerts_dashboard.error","icon":"fas fa-exclamation-triangle text-danger","label":"badge-danger","severity_id":5,"syslog_severity":3}}}},"attack_mitigation_snmp":{"min":{"enabled":false,"script_conf":{"operator":"gt","severity":{"emoji":"❗","i18n_title":"alerts_dashboard.error","icon":"fas fa-exclamation-triangle text-danger","label":"badge-danger","severity_id":5,"syslog_severity":3},"threshold":65535}}},"bytes":{"5mins":{"enabled":false,"script_conf":{"severity":{"emoji":"❗","i18n_title":"alerts_dashboard.error","icon":"fas fa-exclamation-triangle text-danger","label":"badge-danger","severity_id":5,"syslog_severity":3}}},"day":{"enabled":false,"script_conf":{"severity":{"emoji":"❗","i18n_title":"alerts_dashboard.error","icon":"fas fa-exclamation-triangle text-danger","label":"badge-danger","severity_id":5,"syslog_severity":3}}},"hour":{"enabled":false,"script_conf":{"severity":{"emoji":"❗","i18n_title":"alerts_dashboard.error","icon":"fas fa-exclamation-triangle text-danger","label":"badge-danger","severity_id":5,"syslog_severity":3}}},"min":{"enabled":false,"script_conf":{"severity":{"emoji":"❗","i18n_title":"alerts_dashboard.error","icon":"fas fa-exclamation-triangle text-danger","label":"badge-danger","severity_id":5,"syslog_severity":3}}}},"contacted_peers":{"min":{"enabled":false,"script_conf":{"severity":{"emoji":"⚠","i18n_title":"alerts_dashboard.warning","icon":"fas fa-exclamation-triangle text-warning","label":"badge-warning","severity_id":4,"syslog_severity":4}}}},"dns":{"5mins":{"enabled":false,"script_conf":{"severity":{"emoji":"❗","i18n_title":"alerts_dashboard.error","icon":"fas fa-exclamation-triangle text-danger","label":"badge-danger","severity_id":5,"syslog_severity":3}}},"day":{"enabled":false,"script_conf":{"severity":{"emoji":"❗","i18n_title":"alerts_dashboard.error","icon":"fas fa-exclamation-triangle text-danger","label":"badge-danger","severity_id":5,"syslog_severity":3}}},"hour":{"enabled":false,"script_conf":{"severity":{"emoji":"❗","i18n_title":"alerts_dashboard.error","icon":"fas fa-exclamation-triangle text-danger","label":"badge-danger","severity_id":5,"syslog_severity":3}}},"min":{"enabled":false,"script_conf":{"severity":{"emoji":"❗","i18n_title":"alerts_dashboard.error","icon":"fas fa-exclamation-triangle text-danger","label":"badge-danger","severity_id":5,"syslog_severity":3}}}},"dns_contacts":{"min":{"enabled":false,"script_conf":{"default_contacts":5,"items":[],"severity":{"emoji":"❗","i18n_title":"alerts_dashboard.error","icon":"fas fa-exclamation-triangle text-danger","label":"badge-danger","severity_id":5,"syslog_severity":3}}}},"dns_positive_error_ratio":{"min":{"enabled":true,"script_conf":{"operator":"lt","severity":{"emoji":"⚠","i18n_title":"alerts_dashboard.warning","icon":"fas fa-exclamation-triangle text-warning","label":"badge-warning","severity_id":4,"syslog_severity":4},"threshold":50}}},"flow_flood_attacker":{"min":{"enabled":true,"script_conf":{"operator":"gt","severity":{"emoji":"❗","i18n_title":"alerts_dashboard.error","icon":"fas fa-exclamation-triangle text-danger","label":"badge-danger","severity_id":5,"syslog_severity":3},"threshold":256}}},"flow_flood_victim":{"min":{"enabled":true,"script_conf":{"operator":"gt","severity":{"emoji":"❗","i18n_title":"alerts_dashboard.error","icon":"fas fa-exclamation-triangle text-danger","label":"badge-danger","severity_id":5,"syslog_severity":3},"threshold":256}}},"flows":{"5mins":{"enabled":false,"script_conf":{"severity":{"emoji":"❗","i18n_title":"alerts_dashboard.error","icon":"fas fa-exclamation-triangle text-danger","label":"badge-danger","severity_id":5,"syslog_severity":3}}},"day":{"enabled":false,"script_conf":{"severity":{"emoji":"❗","i18n_title":"alerts_dashboard.error","icon":"fas fa-exclamation-triangle text-danger","label":"badge-danger","severity_id":5,"syslog_severity":3}}},"hour":{"enabled":false,"script_conf":{"severity":{"emoji":"❗","i18n_title":"alerts_dashboard.error","icon":"fas fa-exclamation-triangle text-danger","label":"badge-danger","severity_id":5,"syslog_severity":3}}},"min":{"enabled":false,"script_conf":{"severity":{"emoji":"❗","i18n_title":"alerts_dashboard.error","icon":"fas fa-exclamation-triangle text-danger","label":"badge-danger","severity_id":5,"syslog_severity":3}}}},"host_score":{"min":{"enabled":true,"script_conf":{"operator":"gt","severity":{"emoji":"❗","i18n_title":"alerts_dashboard.error","icon":"fas fa-exclamation-triangle text-danger","label":"badge-danger","severity_id":5,"syslog_severity":3},"threshold":4096}}},"idle":{"5mins":{"enabled":false,"script_conf":{"severity":{"emoji":"❗","i18n_title":"alerts_dashboard.error","icon":"fas fa-exclamation-triangle text-danger","label":"badge-danger","severity_id":5,"syslog_severity":3}}},"day":{"enabled":false,"script_conf":{"severity":{"emoji":"❗","i18n_title":"alerts_dashboard.error","icon":"fas fa-exclamation-triangle text-danger","label":"badge-danger","severity_id":5,"syslog_severity":3}}},"hour":{"enabled":false,"script_conf":{"severity":{"emoji":"❗","i18n_title":"alerts_dashboard.error","icon":"fas fa-exclamation-triangle text-danger","label":"badge-danger","severity_id":5,"syslog_severity":3}}},"min":{"enabled":false,"script_conf":{"severity":{"emoji":"❗","i18n_title":"alerts_dashboard.error","icon":"fas fa-exclamation-triangle text-danger","label":"badge-danger","severity_id":5,"syslog_severity":3}}}},"new_api_demo":{"min":{"enabled":true,"script_conf":{"severity":{"emoji":"❗","i18n_title":"alerts_dashboard.error","icon":"fas fa-exclamation-triangle text-danger","label":"badge-danger","severity_id":5,"syslog_severity":3}}}},"ntp_contacts":{"min":{"enabled":false,"script_conf":{"default_contacts":5,"items":[],"severity":{"emoji":"❗","i18n_title":"alerts_dashboard.error","icon":"fas fa-exclamation-triangle text-danger","label":"badge-danger","severity_id":5,"syslog_severity":3}}}},"p2p":{"5mins":{"enabled":false,"script_conf":{"severity":{"emoji":"❗","i18n_title":"alerts_dashboard.error","icon":"fas fa-exclamation-triangle text-danger","label":"badge-danger","severity_id":5,"syslog_severity":3}}},"day":{"enabled":false,"script_conf":{"severity":{"emoji":"❗","i18n_title":"alerts_dashboard.error","icon":"fas fa-exclamation-triangle text-danger","label":"badge-danger","severity_id":5,"syslog_severity":3}}},"hour":{"enabled":false,"script_conf":{"severity":{"emoji":"❗","i18n_title":"alerts_dashboard.error","icon":"fas fa-exclamation-triangle text-danger","label":"badge-danger","severity_id":5,"syslog_severity":3}}},"min":{"enabled":false,"script_conf":{"severity":{"emoji":"❗","i18n_title":"alerts_dashboard.error","icon":"fas fa-exclamation-triangle text-danger","label":"badge-danger","severity_id":5,"syslog_severity":3}}}},"packets":{"5mins":{"enabled":false,"script_conf":{"severity":{"emoji":"❗","i18n_title":"alerts_dashboard.error","icon":"fas fa-exclamation-triangle text-danger","label":"badge-danger","severity_id":5,"syslog_severity":3}}},"day":{"enabled":false,"script_conf":{"severity":{"emoji":"❗","i18n_title":"alerts_dashboard.error","icon":"fas fa-exclamation-triangle text-danger","label":"badge-danger","severity_id":5,"syslog_severity":3}}},"hour":{"enabled":false,"script_conf":{"severity":{"emoji":"❗","i18n_title":"alerts_dashboard.error","icon":"fas fa-exclamation-triangle text-danger","label":"badge-danger","severity_id":5,"syslog_severity":3}}},"min":{"enabled":false,"script_conf":{"severity":{"emoji":"❗","i18n_title":"alerts_dashboard.error","icon":"fas fa-exclamation-triangle text-danger","label":"badge-danger","severity_id":5,"syslog_severity":3}}}},"request_reply_ratio":{"5mins":{"enabled":true,"script_conf":{"operator":"lt","severity":{"emoji":"⚠","i18n_title":"alerts_dashboard.warning","icon":"fas fa-exclamation-triangle text-warning","label":"badge-warning","severity_id":4,"syslog_severity":4},"threshold":50}}},"smtp_contacts":{"min":{"enabled":false,"script_conf":{"default_contacts":5,"items":[],"severity":{"emoji":"❗","i18n_title":"alerts_dashboard.error","icon":"fas fa-exclamation-triangle text-danger","label":"badge-danger","severity_id":5,"syslog_severity":3}}}},"syn_flood_attacker":{"min":{"enabled":true,"script_conf":{"operator":"gt","severity":{"emoji":"❗","i18n_title":"alerts_dashboard.error","icon":"fas fa-exclamation-triangle text-danger","label":"badge-danger","severity_id":5,"syslog_severity":3},"threshold":256}}},"syn_flood_victim":{"min":{"enabled":true,"script_conf":{"operator":"gt","severity":{"emoji":"❗","i18n_title":"alerts_dashboard.error","icon":"fas fa-exclamation-triangle text-danger","label":"badge-danger","severity_id":5,"syslog_severity":3},"threshold":256}}},"syn_scan_attacker":{"min":{"enabled":true,"script_conf":{"operator":"gt","severity":{"emoji":"❗","i18n_title":"alerts_dashboard.error","icon":"fas fa-exclamation-triangle text-danger","label":"badge-danger","severity_id":5,"syslog_severity":3},"threshold":256}}},"syn_scan_victim":{"min":{"enabled":true,"script_conf":{"operator":"gt","severity":{"emoji":"❗","i18n_title":"alerts_dashboard.error","icon":"fas fa-exclamation-triangle text-danger","label":"badge-danger","severity_id":5,"syslog_severity":3},"threshold":256}}},"throughput":{"5mins":{"enabled":false,"script_conf":{"severity":{"emoji":"❗","i18n_title":"alerts_dashboard.error","icon":"fas fa-exclamation-triangle text-danger","label":"badge-danger","severity_id":5,"syslog_severity":3}}},"day":{"enabled":false,"script_conf":{"severity":{"emoji":"❗","i18n_title":"alerts_dashboard.error","icon":"fas fa-exclamation-triangle text-danger","label":"badge-danger","severity_id":5,"syslog_severity":3}}},"hour":{"enabled":false,"script_conf":{"severity":{"emoji":"❗","i18n_title":"alerts_dashboard.error","icon":"fas fa-exclamation-triangle text-danger","label":"badge-danger","severity_id":5,"syslog_severity":3}}},"min":{"enabled":false,"script_conf":{"severity":{"emoji":"❗","i18n_title":"alerts_dashboard.error","icon":"fas fa-exclamation-triangle text-danger","label":"badge-danger","severity_id":5,"syslog_severity":3}}}},"unexpected_host_behaviour":{"min":{"enabled":true,"script_conf":{"severity":{"emoji":"⚠","i18n_title":"alerts_dashboard.warning","icon":"fas fa-exclamation-triangle text-warning","label":"badge-warning","severity_id":4,"syslog_severity":4}}}}},"interface":{"active_local_hosts":{"5mins":{"enabled":false,"script_conf":{"severity":{"emoji":"❗","i18n_title":"alerts_dashboard.error","icon":"fas fa-exclamation-triangle text-danger","label":"badge-danger","severity_id":5,"syslog_severity":3}}},"day":{"enabled":false,"script_conf":{"severity":{"emoji":"❗","i18n_title":"alerts_dashboard.error","icon":"fas fa-exclamation-triangle text-danger","label":"badge-danger","severity_id":5,"syslog_severity":3}}},"hour":{"enabled":false,"script_conf":{"severity":{"emoji":"❗","i18n_title":"alerts_dashboard.error","icon":"fas fa-exclamation-triangle text-danger","label":"badge-danger","severity_id":5,"syslog_severity":3}}},"min":{"enabled":false,"script_conf":{"severity":{"emoji":"❗","i18n_title":"alerts_dashboard.error","icon":"fas fa-exclamation-triangle text-danger","label":"badge-danger","severity_id":5,"syslog_severity":3}}}},"bytes":{"5mins":{"enabled":false,"script_conf":{"severity":{"emoji":"❗","i18n_title":"alerts_dashboard.error","icon":"fas fa-exclamation-triangle text-danger","label":"badge-danger","severity_id":5,"syslog_severity":3}}},"day":{"enabled":false,"script_conf":{"severity":{"emoji":"❗","i18n_title":"alerts_dashboard.error","icon":"fas fa-exclamation-triangle text-danger","label":"badge-danger","severity_id":5,"syslog_severity":3}}},"hour":{"enabled":false,"script_conf":{"severity":{"emoji":"❗","i18n_title":"alerts_dashboard.error","icon":"fas fa-exclamation-triangle text-danger","label":"badge-danger","severity_id":5,"syslog_severity":3}}},"min":{"enabled":false,"script_conf":{"severity":{"emoji":"❗","i18n_title":"alerts_dashboard.error","icon":"fas fa-exclamation-triangle text-danger","label":"badge-danger","severity_id":5,"syslog_severity":3}}}},"dns":{"5mins":{"enabled":false,"script_conf":{"severity":{"emoji":"❗","i18n_title":"alerts_dashboard.error","icon":"fas fa-exclamation-triangle text-danger","label":"badge-danger","severity_id":5,"syslog_severity":3}}},"day":{"enabled":false,"script_conf":{"severity":{"emoji":"❗","i18n_title":"alerts_dashboard.error","icon":"fas fa-exclamation-triangle text-danger","label":"badge-danger","severity_id":5,"syslog_severity":3}}},"hour":{"enabled":false,"script_conf":{"severity":{"emoji":"❗","i18n_title":"alerts_dashboard.error","icon":"fas fa-exclamation-triangle text-danger","label":"badge-danger","severity_id":5,"syslog_severity":3}}},"min":{"enabled":false,"script_conf":{"severity":{"emoji":"❗","i18n_title":"alerts_dashboard.error","icon":"fas fa-exclamation-triangle text-danger","label":"badge-danger","severity_id":5,"syslog_severity":3}}}},"dropped_alerts":{"min":{"enabled":true,"script_conf":{"severity":{"emoji":"❗","i18n_title":"alerts_dashboard.error","icon":"fas fa-exclamation-triangle text-danger","label":"badge-danger","severity_id":5,"syslog_severity":3}}}},"flow_calls_drops":{"min":{"enabled":true,"script_conf":{"severity":{"emoji":"❗","i18n_title":"alerts_dashboard.error","icon":"fas fa-exclamation-triangle text-danger","label":"badge-danger","severity_id":5,"syslog_severity":3}}}},"ghost_networks":{"min":{"enabled":true,"script_conf":{"severity":{"emoji":"⚠","i18n_title":"alerts_dashboard.warning","icon":"fas fa-exclamation-triangle text-warning","label":"badge-warning","severity_id":4,"syslog_severity":4}}}},"idle":{"5mins":{"enabled":false,"script_conf":{"severity":{"emoji":"❗","i18n_title":"alerts_dashboard.error","icon":"fas fa-exclamation-triangle text-danger","label":"badge-danger","severity_id":5,"syslog_severity":3}}},"day":{"enabled":false,"script_conf":{"severity":{"emoji":"❗","i18n_title":"alerts_dashboard.error","icon":"fas fa-exclamation-triangle text-danger","label":"badge-danger","severity_id":5,"syslog_severity":3}}},"hour":{"enabled":false,"script_conf":{"severity":{"emoji":"❗","i18n_title":"alerts_dashboard.error","icon":"fas fa-exclamation-triangle text-danger","label":"badge-danger","severity_id":5,"syslog_severity":3}}},"min":{"enabled":false,"script_conf":{"severity":{"emoji":"❗","i18n_title":"alerts_dashboard.error","icon":"fas fa-exclamation-triangle text-danger","label":"badge-danger","severity_id":5,"syslog_severity":3}}}},"ip_reassignment":{"min":{"enabled":false,"script_conf":[]}},"lateral_movement":{"min":{"enabled":true,"script_conf":{"severity":{"emoji":"ℹ","i18n_title":"alerts_dashboard.info","icon":"fas fa-info-circle text-info","label":"badge-info","severity_id":2,"syslog_severity":6}}}},"no_if_activity":{"min":{"enabled":true,"script_conf":{"severity":{"emoji":"❗","i18n_title":"alerts_dashboard.error","icon":"fas fa-exclamation-triangle text-danger","label":"badge-danger","severity_id":5,"syslog_severity":3}}}},"p2p":{"5mins":{"enabled":false,"script_conf":{"severity":{"emoji":"❗","i18n_title":"alerts_dashboard.error","icon":"fas fa-exclamation-triangle text-danger","label":"badge-danger","severity_id":5,"syslog_severity":3}}},"day":{"enabled":false,"script_conf":{"severity":{"emoji":"❗","i18n_title":"alerts_dashboard.error","icon":"fas fa-exclamation-triangle text-danger","label":"badge-danger","severity_id":5,"syslog_severity":3}}},"hour":{"enabled":false,"script_conf":{"severity":{"emoji":"❗","i18n_title":"alerts_dashboard.error","icon":"fas fa-exclamation-triangle text-danger","label":"badge-danger","severity_id":5,"syslog_severity":3}}},"min":{"enabled":false,"script_conf":{"severity":{"emoji":"❗","i18n_title":"alerts_dashboard.error","icon":"fas fa-exclamation-triangle text-danger","label":"badge-danger","severity_id":5,"syslog_severity":3}}}},"packets":{"5mins":{"enabled":false,"script_conf":{"severity":{"emoji":"❗","i18n_title":"alerts_dashboard.error","icon":"fas fa-exclamation-triangle text-danger","label":"badge-danger","severity_id":5,"syslog_severity":3}}},"day":{"enabled":false,"script_conf":{"severity":{"emoji":"❗","i18n_title":"alerts_dashboard.error","icon":"fas fa-exclamation-triangle text-danger","label":"badge-danger","severity_id":5,"syslog_severity":3}}},"hour":{"enabled":false,"script_conf":{"severity":{"emoji":"❗","i18n_title":"alerts_dashboard.error","icon":"fas fa-exclamation-triangle text-danger","label":"badge-danger","severity_id":5,"syslog_severity":3}}},"min":{"enabled":false,"script_conf":{"severity":{"emoji":"❗","i18n_title":"alerts_dashboard.error","icon":"fas fa-exclamation-triangle text-danger","label":"badge-danger","severity_id":5,"syslog_severity":3}}}},"periodic_activity_not_executed":{"min":{"enabled":true,"script_conf":{"severity":{"emoji":"⚠","i18n_title":"alerts_dashboard.warning","icon":"fas fa-exclamation-triangle text-warning","label":"badge-warning","severity_id":4,"syslog_severity":4}}}},"periodicity_update":{"min":{"enabled":true,"script_conf":{"severity":{"emoji":"ℹ","i18n_title":"alerts_dashboard.info","icon":"fas fa-info-circle text-info","label":"badge-info","severity_id":2,"syslog_severity":6}}}},"pool_connection_disconnection":{"min":{"enabled":false,"script_conf":{"severity":{"emoji":"⚠","i18n_title":"alerts_dashboard.warning","icon":"fas fa-exclamation-triangle text-warning","label":"badge-warning","severity_id":4,"syslog_severity":4}}}},"pool_quota_exceeded":{"min":{"enabled":false,"script_conf":{"severity":{"emoji":"⚠","i18n_title":"alerts_dashboard.warning","icon":"fas fa-exclamation-triangle text-warning","label":"badge-warning","severity_id":4,"syslog_severity":4}}}},"slow_periodic_activity":{"min":{"enabled":true,"script_conf":{"severity":{"emoji":"⚠","i18n_title":"alerts_dashboard.warning","icon":"fas fa-exclamation-triangle text-warning","label":"badge-warning","severity_id":4,"syslog_severity":4}}}},"slow_purge":{"min":{"enabled":true,"script_conf":{"operator":"gt","severity":{"emoji":"⚠","i18n_title":"alerts_dashboard.warning","icon":"fas fa-exclamation-triangle text-warning","label":"badge-warning","severity_id":4,"syslog_severity":4},"threshold":50}}},"throughput":{"5mins":{"enabled":false,"script_conf":{"severity":{"emoji":"❗","i18n_title":"alerts_dashboard.error","icon":"fas fa-exclamation-triangle text-danger","label":"badge-danger","severity_id":5,"syslog_severity":3}}},"day":{"enabled":false,"script_conf":{"severity":{"emoji":"❗","i18n_title":"alerts_dashboard.error","icon":"fas fa-exclamation-triangle text-danger","label":"badge-danger","severity_id":5,"syslog_severity":3}}},"hour":{"enabled":false,"script_conf":{"severity":{"emoji":"❗","i18n_title":"alerts_dashboard.error","icon":"fas fa-exclamation-triangle text-danger","label":"badge-danger","severity_id":5,"syslog_severity":3}}},"min":{"enabled":false,"script_conf":{"severity":{"emoji":"❗","i18n_title":"alerts_dashboard.error","icon":"fas fa-exclamation-triangle text-danger","label":"badge-danger","severity_id":5,"syslog_severity":3}}}},"too_many_drops":{"min":{"enabled":true,"script_conf":{"operator":"gt","severity":{"emoji":"❗","i18n_title":"alerts_dashboard.error","icon":"fas fa-exclamation-triangle text-danger","label":"badge-danger","severity_id":5,"syslog_severity":3},"threshold":5}}},"too_many_flows":{"min":{"enabled":true,"script_conf":{"severity":{"emoji":"⚠","i18n_title":"alerts_dashboard.warning","icon":"fas fa-exclamation-triangle text-warning","label":"badge-warning","severity_id":4,"syslog_severity":4}}}},"too_many_hosts":{"min":{"enabled":true,"script_conf":{"severity":{"emoji":"⚠","i18n_title":"alerts_dashboard.warning","icon":"fas fa-exclamation-triangle text-warning","label":"badge-warning","severity_id":4,"syslog_severity":4}}}},"unexpected_new_device":{"min":{"enabled":false,"script_conf":{"items":[],"severity":{"emoji":"⚠","i18n_title":"alerts_dashboard.warning","icon":"fas fa-exclamation-triangle text-warning","label":"badge-warning","severity_id":4,"syslog_severity":4}}}}},"network":{"egress":{"5mins":{"enabled":false,"script_conf":{"operator":"gt","severity":{"emoji":"❗","i18n_title":"alerts_dashboard.error","icon":"fas fa-exclamation-triangle text-danger","label":"badge-danger","severity_id":5,"syslog_severity":3},"threshold":1073741824}},"day":{"enabled":false,"script_conf":{"operator":"gt","severity":{"emoji":"❗","i18n_title":"alerts_dashboard.error","icon":"fas fa-exclamation-triangle text-danger","label":"badge-danger","severity_id":5,"syslog_severity":3},"threshold":1073741824}},"hour":{"enabled":false,"script_conf":{"operator":"gt","severity":{"emoji":"❗","i18n_title":"alerts_dashboard.error","icon":"fas fa-exclamation-triangle text-danger","label":"badge-danger","severity_id":5,"syslog_severity":3},"threshold":1073741824}},"min":{"enabled":false,"script_conf":{"operator":"gt","severity":{"emoji":"❗","i18n_title":"alerts_dashboard.error","icon":"fas fa-exclamation-triangle text-danger","label":"badge-danger","severity_id":5,"syslog_severity":3},"threshold":1073741824}}},"flow_flood_victim":{"min":{"enabled":false,"script_conf":{"operator":"gt","severity":{"emoji":"❗","i18n_title":"alerts_dashboard.error","icon":"fas fa-exclamation-triangle text-danger","label":"badge-danger","severity_id":5,"syslog_severity":3},"threshold":32768}}},"ingress":{"5mins":{"enabled":false,"script_conf":{"operator":"gt","severity":{"emoji":"❗","i18n_title":"alerts_dashboard.error","icon":"fas fa-exclamation-triangle text-danger","label":"badge-danger","severity_id":5,"syslog_severity":3},"threshold":1073741824}},"day":{"enabled":false,"script_conf":{"operator":"gt","severity":{"emoji":"❗","i18n_title":"alerts_dashboard.error","icon":"fas fa-exclamation-triangle text-danger","label":"badge-danger","severity_id":5,"syslog_severity":3},"threshold":1073741824}},"hour":{"enabled":false,"script_conf":{"operator":"gt","severity":{"emoji":"❗","i18n_title":"alerts_dashboard.error","icon":"fas fa-exclamation-triangle text-danger","label":"badge-danger","severity_id":5,"syslog_severity":3},"threshold":1073741824}},"min":{"enabled":false,"script_conf":{"operator":"gt","severity":{"emoji":"❗","i18n_title":"alerts_dashboard.error","icon":"fas fa-exclamation-triangle text-danger","label":"badge-danger","severity_id":5,"syslog_severity":3},"threshold":1073741824}}},"inner":{"5mins":{"enabled":false,"script_conf":{"operator":"gt","severity":{"emoji":"❗","i18n_title":"alerts_dashboard.error","icon":"fas fa-exclamation-triangle text-danger","label":"badge-danger","severity_id":5,"syslog_severity":3},"threshold":1073741824}},"day":{"enabled":false,"script_conf":{"operator":"gt","severity":{"emoji":"❗","i18n_title":"alerts_dashboard.error","icon":"fas fa-exclamation-triangle text-danger","label":"badge-danger","severity_id":5,"syslog_severity":3},"threshold":1073741824}},"hour":{"enabled":false,"script_conf":{"operator":"gt","severity":{"emoji":"❗","i18n_title":"alerts_dashboard.error","icon":"fas fa-exclamation-triangle text-danger","label":"badge-danger","severity_id":5,"syslog_severity":3},"threshold":1073741824}},"min":{"enabled":false,"script_conf":{"operator":"gt","severity":{"emoji":"❗","i18n_title":"alerts_dashboard.error","icon":"fas fa-exclamation-triangle text-danger","label":"badge-danger","severity_id":5,"syslog_severity":3},"threshold":1073741824}}},"syn_flood_victim":{"min":{"enabled":false,"script_conf":{"operator":"gt","severity":{"emoji":"❗","i18n_title":"alerts_dashboard.error","icon":"fas fa-exclamation-triangle text-danger","label":"badge-danger","severity_id":5,"syslog_severity":3},"threshold":32768}}},"syn_scan_victim":{"min":{"enabled":false,"script_conf":{"operator":"gt","severity":{"emoji":"❗","i18n_title":"alerts_dashboard.error","icon":"fas fa-exclamation-triangle text-danger","label":"badge-danger","severity_id":5,"syslog_severity":3},"threshold":32768}}}},"snmp_device":{"lldp_topology_changed":{"all":{"enabled":false,"script_conf":[]}},"snmp_device_interface_discards_errors":{"all":{"enabled":true,"script_conf":[]}},"snmp_device_interface_duplex_status_change":{"all":{"enabled":true,"script_conf":[]}},"snmp_device_interface_load":{"all":{"enabled":true,"script_conf":{"operator":"gt","threshold":99}}},"snmp_device_interface_mac_changed":{"all":{"enabled":true,"script_conf":[]}},"snmp_device_interface_status_change":{"all":{"enabled":true,"script_conf":[]}},"snmp_device_reset":{"all":{"enabled":true,"script_conf":[]}}},"syslog":{"fortinet":{"all":{"enabled":true,"script_conf":[]}},"host_log":{"all":{"enabled":true,"script_conf":{"operator":"lt","threshold":5}}},"openvpn":{"all":{"enabled":true,"script_conf":[]}},"opnsense":{"all":{"enabled":true,"script_conf":[]}},"sonicwall":{"all":{"enabled":true,"script_conf":[]}},"sophos":{"all":{"enabled":true,"script_conf":[]}},"suricata":{"all":{"enabled":true,"script_conf":[]}}},"system":{"active_monitoring":{"5mins":{"enabled":true,"script_conf":[]},"hour":{"enabled":true,"script_conf":[]},"min":{"enabled":true,"script_conf":[]}},"alerts_ts":{"min":{"enabled":true,"script_conf":[]}},"disk_monitor":{"hour":{"enabled":true,"script_conf":[]}},"dropped_alerts":{"min":{"enabled":true,"script_conf":{"severity":{"emoji":"❗","i18n_title":"alerts_dashboard.error","icon":"fas fa-exclamation-triangle text-danger","label":"badge-danger","severity_id":5,"syslog_severity":3}}}},"influxdb_monitor":{"5mins":{"enabled":true,"script_conf":[]},"min":{"enabled":true,"script_conf":[]}},"memory_ts":{"min":{"enabled":true,"script_conf":[]}},"periodic_activity_not_executed":{"min":{"enabled":true,"script_conf":{"severity":{"emoji":"⚠","i18n_title":"alerts_dashboard.warning","icon":"fas fa-exclamation-triangle text-warning","label":"badge-warning","severity_id":4,"syslog_severity":4}}}},"redis_monitor":{"min":{"enabled":true,"script_conf":[]}},"remote_to_remote":{"min":{"enabled":false,"script_conf":[]}},"slow_periodic_activity":{"min":{"enabled":true,"script_conf":{"severity":{"emoji":"❗","i18n_title":"alerts_dashboard.error","icon":"fas fa-exclamation-triangle text-danger","label":"badge-danger","severity_id":5,"syslog_severity":3}}}}}},"filters":[],"id":0,"name":"Default"}}}
