{"rc":0,"rc_str":"OK","rc_str_hr":"Success","rsp":{"alerted_flows":67,"alerted_flows_error":65,"alerted_flows_notice":1,"alerted_flows_warning":1,"bytes":3744757,"bytes_download":3744757,"bytes_upload":0,"dropped_alerts":0,"drops":0,"engaged_alerts":0,"epoch":1614334846,"flows_pctg":1,"has_alerts":true,"hosts_pctg":1,"ifid":"0","ifname":"test_01.pcap","is_view":false,"local2remote":185214,"localtime":"11:20:46 +0100","macs_pctg":1,"num_devices":4,"num_flows":178,"num_hosts":42,"num_live_captures":0,"num_local_hosts":4,"packets":5000,"packets_download":5000,"packets_upload":0,"periodic_stats_update_frequency_secs":5,"profiles":[],"remote2local":3332878,"remote_bps":0,"remote_pps":0,"speed":1000,"system_host_stats":{"alerts_queries":69,"alerts_stats":{"alert_queues":{"internal_alerts_queue":{"pct_not_enqueued":0}}},"cpu_load":0,"dropped_alerts":0,"engaged_alerts":0,"mem_buffers":687204,"mem_cached":1745216,"mem_free":23236756,"mem_ntopng_resident":155348,"mem_ntopng_virtual":2225632,"mem_shmem":0,"mem_sreclaimable":584080,"mem_total":32782488,"mem_used":6529232,"written_alerts":75},"tcpPacketStats":{"lost":0,"out_of_order":0,"retransmissions":10},"throughput":{"download":{"bps":0,"pps":0},"upload":{"bps":0,"pps":0}},"throughput_bps":0,"throughput_pps":0,"ts_alerts":[],"uptime":"00:20"}}
