{"rc":0,"rc_str":"OK","rc_str_hr":"Success","rsp":{"historical":[],"historical-flows":[{"count":"1","severity":"info"},{"count":"111","severity":"notice"},{"count":"1","severity":"warning"},{"count":"65","severity":"error"}]}}
